../Core/Src/main.c:70:6:startIdleTimer	16	static
../Core/Src/main.c:78:6:waitForIdleTimer	4	static
../Core/Src/main.c:83:10:interpolate	16	static
../Core/Src/main.c:110:5:main	64	static
../Core/Src/main.c:261:6:SystemClock_Config	88	static
../Core/Src/main.c:307:13:MX_I2C1_Init	8	static
../Core/Src/main.c:341:13:MX_TIM3_Init	32	static
../Core/Src/main.c:386:13:MX_TIM4_Init	64	static
../Core/Src/main.c:445:13:MX_TIM5_Init	48	static
../Core/Src/main.c:494:13:MX_GPIO_Init	48	static
../Core/Src/main.c:538:6:Error_Handler	4	static,ignoring_inline_asm
